// Jest Snapshot v1, https://goo.gl/fbAQLP

exports[`App renders correctly 1`] = `
<DocumentFragment>
  <div
    class="App"
  >
    <div
      class="nav-bar"
    >
      <div
        class="logo-container"
      >
        <img
          alt="logo-icon"
          class="logo"
          src="logo.png"
        />
        <h3
          class="surreal-estate"
        >
          Surreal Estate
        </h3>
      </div>
      <ul
        class="navbar-links"
      >
        <li
          class="navbar-links-item"
        >
          <a
            class="item"
            href="/properties"
          >
            View Properties
          </a>
        </li>
        <li
          class="navbar-links-item"
        >
          <a
            class="item"
            href="/add-property"
          >
            Add a Property
          </a>
        </li>
        <li
          class="navbar-links-item"
        >
          <a
            class="item"
            href="/saved-properties"
          >
            Saved Properties
          </a>
        </li>
      </ul>
      <div
        class="facebook-login"
      >
        <div />
      </div>
    </div>
    <div
      class="properties"
    >
      <div
        class="sidebar"
      >
        <form>
          <input
            placeholder="Search..."
            type="text"
            value=""
          />
          <button
            type="submit"
          >
            <svg
              aria-hidden="true"
              class="svg-inline--fa fa-magnifying-glass "
              data-icon="magnifying-glass"
              data-prefix="fas"
              focusable="false"
              role="img"
              viewBox="0 0 512 512"
              xmlns="http://www.w3.org/2000/svg"
            >
              <path
                d="M416 208c0 45.9-14.9 88.3-40 122.7L502.6 457.4c12.5 12.5 12.5 32.8 0 45.3s-32.8 12.5-45.3 0L330.7 376c-34.4 25.2-76.8 40-122.7 40C93.1 416 0 322.9 0 208S93.1 0 208 0S416 93.1 416 208zM208 352a144 144 0 1 0 0-288 144 144 0 1 0 0 288z"
                fill="currentColor"
              />
            </svg>
          </button>
        </form>
        <h4>
          Filter by City
        </h4>
        <ul>
          <li>
            <a
              href="/?query={\\"city\\":\\"Manchester\\"}"
            >
              Manchester
            </a>
          </li>
        </ul>
        <ul>
          <li>
            <a
              href="/?query={\\"city\\":\\"Leeds\\"}"
            >
              Leeds
            </a>
          </li>
        </ul>
        <ul>
          <li>
            <a
              href="/?query={\\"city\\":\\"Sheffield\\"}"
            >
              Sheffield
            </a>
          </li>
        </ul>
        <ul>
          <li>
            <a
              href="/?query={\\"city\\":\\"Liverpool\\"}"
            >
              Liverpool
            </a>
          </li>
        </ul>
        <a
          href="/?sort={\\"price\\":1}"
        >
          Sort by Price (Low to High)
        </a>
        <a
          href="/?sort={\\"price\\":-1}"
        >
          Sort by Price (High to Low)
        </a>
      </div>
      <div
        class="main-content"
      />
    </div>
  </div>
</DocumentFragment>
`;
