// Jest Snapshot v1, https://goo.gl/fbAQLP

exports[`NavBar renders correctly 1`] = `
<DocumentFragment>
  <div
    class="nav-bar"
  >
    <div
      class="logo-container"
    >
      <img
        alt="logo-icon"
        class="logo"
        src="logo.png"
      />
      <h3
        class="surreal-estate"
      >
        Surreal Estate
      </h3>
    </div>
    <ul
      class="navbar-links"
    >
      <li
        class="navbar-links-item"
      >
        <a
          class="item"
          href="/properties"
        >
          View Properties
        </a>
      </li>
      <li
        class="navbar-links-item"
      >
        <a
          class="item"
          href="/add-property"
        >
          Add a Property
        </a>
      </li>
      <li
        class="navbar-links-item"
      >
        <a
          class="item"
          href="/saved-properties"
        >
          Saved Properties
        </a>
      </li>
    </ul>
    <div
      class="facebook-login"
    >
      <div />
    </div>
  </div>
</DocumentFragment>
`;
